../Drivers/STM32F2xx_HAL_Driver/Src/stm32f2xx_hal_i2s.c:261:19:HAL_I2S_Init	40	static
../Drivers/STM32F2xx_HAL_Driver/Src/stm32f2xx_hal_i2s.c:467:19:HAL_I2S_DeInit	16	static
../Drivers/STM32F2xx_HAL_Driver/Src/stm32f2xx_hal_i2s.c:511:13:HAL_I2S_MspInit	16	static
../Drivers/STM32F2xx_HAL_Driver/Src/stm32f2xx_hal_i2s.c:527:13:HAL_I2S_MspDeInit	16	static
../Drivers/STM32F2xx_HAL_Driver/Src/stm32f2xx_hal_i2s.c:790:19:HAL_I2S_Transmit	32	static
../Drivers/STM32F2xx_HAL_Driver/Src/stm32f2xx_hal_i2s.c:908:19:HAL_I2S_Receive	40	static
../Drivers/STM32F2xx_HAL_Driver/Src/stm32f2xx_hal_i2s.c:1005:19:HAL_I2S_Transmit_IT	32	static
../Drivers/STM32F2xx_HAL_Driver/Src/stm32f2xx_hal_i2s.c:1071:19:HAL_I2S_Receive_IT	32	static
../Drivers/STM32F2xx_HAL_Driver/Src/stm32f2xx_hal_i2s.c:1135:19:HAL_I2S_Transmit_DMA	32	static
../Drivers/STM32F2xx_HAL_Driver/Src/stm32f2xx_hal_i2s.c:1226:19:HAL_I2S_Receive_DMA	32	static
../Drivers/STM32F2xx_HAL_Driver/Src/stm32f2xx_hal_i2s.c:1315:19:HAL_I2S_DMAPause	16	static
../Drivers/STM32F2xx_HAL_Driver/Src/stm32f2xx_hal_i2s.c:1347:19:HAL_I2S_DMAResume	16	static
../Drivers/STM32F2xx_HAL_Driver/Src/stm32f2xx_hal_i2s.c:1386:19:HAL_I2S_DMAStop	32	static
../Drivers/STM32F2xx_HAL_Driver/Src/stm32f2xx_hal_i2s.c:1486:6:HAL_I2S_IRQHandler	24	static
../Drivers/STM32F2xx_HAL_Driver/Src/stm32f2xx_hal_i2s.c:1547:13:HAL_I2S_TxHalfCpltCallback	16	static
../Drivers/STM32F2xx_HAL_Driver/Src/stm32f2xx_hal_i2s.c:1563:13:HAL_I2S_TxCpltCallback	16	static
../Drivers/STM32F2xx_HAL_Driver/Src/stm32f2xx_hal_i2s.c:1579:13:HAL_I2S_RxHalfCpltCallback	16	static
../Drivers/STM32F2xx_HAL_Driver/Src/stm32f2xx_hal_i2s.c:1595:13:HAL_I2S_RxCpltCallback	16	static
../Drivers/STM32F2xx_HAL_Driver/Src/stm32f2xx_hal_i2s.c:1611:13:HAL_I2S_ErrorCallback	16	static
../Drivers/STM32F2xx_HAL_Driver/Src/stm32f2xx_hal_i2s.c:1646:22:HAL_I2S_GetState	16	static
../Drivers/STM32F2xx_HAL_Driver/Src/stm32f2xx_hal_i2s.c:1657:10:HAL_I2S_GetError	16	static
../Drivers/STM32F2xx_HAL_Driver/Src/stm32f2xx_hal_i2s.c:1678:13:I2S_DMATxCplt	24	static
../Drivers/STM32F2xx_HAL_Driver/Src/stm32f2xx_hal_i2s.c:1705:13:I2S_DMATxHalfCplt	24	static
../Drivers/STM32F2xx_HAL_Driver/Src/stm32f2xx_hal_i2s.c:1723:13:I2S_DMARxCplt	24	static
../Drivers/STM32F2xx_HAL_Driver/Src/stm32f2xx_hal_i2s.c:1749:13:I2S_DMARxHalfCplt	24	static
../Drivers/STM32F2xx_HAL_Driver/Src/stm32f2xx_hal_i2s.c:1767:13:I2S_DMAError	24	static
../Drivers/STM32F2xx_HAL_Driver/Src/stm32f2xx_hal_i2s.c:1794:13:I2S_Transmit_IT	16	static
../Drivers/STM32F2xx_HAL_Driver/Src/stm32f2xx_hal_i2s.c:1822:13:I2S_Receive_IT	16	static
../Drivers/STM32F2xx_HAL_Driver/Src/stm32f2xx_hal_i2s.c:1853:26:I2S_WaitFlagStateUntilTimeout	32	static
