../Drivers/CMSIS/Include/core_cm3.h:1876:26:ITM_SendChar	16	static,ignoring_inline_asm
../Core/Src/main.c:73:5:_write	32	static
../Core/Src/main.c:91:5:main	8	static
../Core/Src/main.c:140:6:SystemClock_Config	96	static
../Core/Src/main.c:190:13:MX_I2S3_Init	8	static
../Core/Src/main.c:223:13:MX_USART3_UART_Init	8	static
../Core/Src/main.c:256:13:MX_USB_OTG_FS_PCD_Init	8	static
../Core/Src/main.c:288:13:MX_DMA_Init	16	static
../Core/Src/main.c:309:13:MX_GPIO_Init	56	static
../Core/Src/main.c:362:6:HAL_I2S_RxCpltCallback	16	static
../Core/Src/main.c:368:6:HAL_UART_RxCpltCallback	16	static
../Core/Src/main.c:380:6:Error_Handler	4	static,ignoring_inline_asm
